<html><body>
<br>
 Computer Time : Tue Mar  6 23:26:01 IST 2018 <br>
<br>
___________________________________________________________________________________<br>
**** General Information About This Computer ****
___________________________________________________________________________________<br>
This Computer Using x86_64 architecture ;<br>
The Linux Kernel Used on this computer 4.13.0-36-generic<br>
This Linux Distro. Used On this computer Ubuntu 17.10 
 \l<br>
The Host Name Of this computer is hunter<br>
The Name Of the user Of this computer is hunter <br>
The Number Of The Users That Using This Computer 1 Users <br>
The System Uptime = 10:17 (Hrs:Min)<br>
The Run level Of Current OS is N 5<br>
The Number OF Running Process :277<br>
___________________________________________________________________________________<br>
___________________________________________________________________________________<br>
****The CPU Infromation****<br>
___________________________________________________________________________________<br>
You Have 4 CPU<br>
Your CPU model name is  Intel(R) Core(TM) i3-5005U CPU @ 2.00GHz
 Intel(R) Core(TM) i3-5005U CPU @ 2.00GHz
 Intel(R) Core(TM) i3-5005U CPU @ 2.00GHz
 Intel(R) Core(TM) i3-5005U CPU @ 2.00GHz<br>
Your CPU vendor GenuineIntel
 GenuineIntel
 GenuineIntel
 GenuineIntel<br>
Your CPU Speed 1995.410
 1995.410
 1995.410
 1995.410<br>
Your CPU Cache Size 3072 KB
 3072 KB
 3072 KB
 3072 KB<br>
___________________________________________________________________________________<br>
___________________________________________________________________________________<br>
 ****The Memory Information****<br>
___________________________________________________________________________________<br>
MemTotal:        8079116 kB
MemFree:          238156 kB
MemAvailable:    5140144 kB
Buffers:          601724 kB
Cached:          3664164 kB
SwapCached:            0 kB
Active:          4359692 kB
Inactive:        2586776 kB
Active(anon):    1930904 kB
Inactive(anon):   457740 kB
Active(file):    2428788 kB
Inactive(file):  2129036 kB
Unevictable:          16 kB
Mlocked:              16 kB
SwapTotal:       4882428 kB
SwapFree:        4882428 kB
Dirty:               172 kB
Writeback:             0 kB
AnonPages:       2680660 kB
Mapped:           536276 kB
Shmem:            417736 kB
Slab:             714584 kB
SReclaimable:     652020 kB
SUnreclaim:        62564 kB
KernelStack:       13440 kB
PageTables:        64760 kB
NFS_Unstable:          0 kB
Bounce:                0 kB
WritebackTmp:          0 kB
CommitLimit:     8921984 kB
Committed_AS:    9800620 kB
VmallocTotal:   34359738367 kB
VmallocUsed:           0 kB
VmallocChunk:          0 kB
HardwareCorrupted:     0 kB
AnonHugePages:     22528 kB
ShmemHugePages:        0 kB
ShmemPmdMapped:        0 kB
CmaTotal:              0 kB
CmaFree:               0 kB
HugePages_Total:       0
HugePages_Free:        0
HugePages_Rsvd:        0
HugePages_Surp:        0
Hugepagesize:       2048 kB
DirectMap4k:      227900 kB
DirectMap2M:     8071168 kB
DirectMap1G:     1048576 kB<br>
___________________________________________________________________________________<br>
              total        used        free      shared  buff/cache   available
Mem:           7889        2854         232         407        4802        5019
Swap:          4767           0        4767<br>
___________________________________________________________________________________<br>
___________________________________________________________________________________<br>
*****File Systems Infromation******<br>
___________________________________________________________________________________<br>
Filesystem      Size  Used Avail Use% Mounted on
udev            3.9G     0  3.9G   0% /dev
tmpfs           789M   11M  779M   2% /run
/dev/sda6        59G   18G   39G  31% /
tmpfs           3.9G   35M  3.9G   1% /dev/shm
tmpfs           5.0M  4.0K  5.0M   1% /run/lock
tmpfs           3.9G     0  3.9G   0% /sys/fs/cgroup
/dev/loop0      189M  189M     0 100% /snap/vlc/158
/dev/loop1      146M  146M     0 100% /snap/inkscape/3080
/dev/loop5       82M   82M     0 100% /snap/core/4017
/dev/loop3      193M  193M     0 100% /snap/vlc/131
/dev/loop4       82M   82M     0 100% /snap/core/4110
/dev/loop6       82M   82M     0 100% /snap/core/3887
/dev/loop2      181M  181M     0 100% /snap/vlc/190
/dev/sda8       158G  124G   26G  83% /home
/dev/sda1       256M   90M  167M  35% /boot/efi
tmpfs           789M   16K  789M   1% /run/user/121
tmpfs           789M   60K  789M   1% /run/user/1000<br>
___________________________________________________________________________________<br>
___________________________________________________________________________________<br>
******PCI devices On MOtherboard information {detailed}******<br>
___________________________________________________________________________________<br>
-[0000:00]-+-00.0  Intel Corporation Broadwell-U Host Bridge -OPI
           +-02.0  Intel Corporation HD Graphics 5500
           +-03.0  Intel Corporation Broadwell-U Audio Controller
           +-04.0  Intel Corporation Broadwell-U Processor Thermal Subsystem
           +-14.0  Intel Corporation Wildcat Point-LP USB xHCI Controller
           +-16.0  Intel Corporation Wildcat Point-LP MEI Controller #1
           +-1b.0  Intel Corporation Wildcat Point-LP High Definition Audio Controller
           +-1c.0-[01-06]--
           +-1c.2-[07-0c]----00.0  Realtek Semiconductor Co., Ltd. RTL8101/2/6E PCI Express Fast/Gigabit Ethernet controller
           +-1c.4-[0d-12]----00.0  Advanced Micro Devices, Inc. [AMD/ATI] Sun XT [Radeon HD 8670A/8670M/8690M / R5 M330 / M430]
           +-1c.5-[13-18]----00.0  Realtek Semiconductor Co., Ltd. RTL8723BE PCIe Wireless Network Adapter
           +-1f.0  Intel Corporation Wildcat Point-LP LPC Controller
           +-1f.2  Intel Corporation Wildcat Point-LP SATA Controller [AHCI Mode]
           +-1f.3  Intel Corporation Wildcat Point-LP SMBus Controller
           \-1f.6  Intel Corporation Wildcat Point-LP Thermal Management Controller<br>
___________________________________________________________________________________<br>
___________________________________________________________________________________<br>
********Network Information********<br>
___________________________________________________________________________________<br>
enp7s0: flags=4099<UP,BROADCAST,MULTICAST>  mtu 1500
        ether 98:e7:f4:11:2b:85  txqueuelen 1000  (Ethernet)
        RX packets 0  bytes 0 (0.0 B)
        RX errors 0  dropped 0  overruns 0  frame 0
        TX packets 0  bytes 0 (0.0 B)
        TX errors 0  dropped 0 overruns 0  carrier 0  collisions 0

lo: flags=73<UP,LOOPBACK,RUNNING>  mtu 65536
        inet 127.0.0.1  netmask 255.0.0.0
        inet6 ::1  prefixlen 128  scopeid 0x10<host>
        loop  txqueuelen 1000  (Local Loopback)
        RX packets 58042  bytes 12044751 (12.0 MB)
        RX errors 0  dropped 0  overruns 0  frame 0
        TX packets 58042  bytes 12044751 (12.0 MB)
        TX errors 0  dropped 0 overruns 0  carrier 0  collisions 0

wlp19s0: flags=4163<UP,BROADCAST,RUNNING,MULTICAST>  mtu 1500
        inet 192.168.0.6  netmask 255.255.255.0  broadcast 192.168.0.255
        inet6 fe80::4861:4db6:8579:fec6  prefixlen 64  scopeid 0x20<link>
        ether 54:8c:a0:ab:95:5b  txqueuelen 1000  (Ethernet)
        RX packets 1941656  bytes 1559870347 (1.5 GB)
        RX errors 0  dropped 0  overruns 0  frame 0
        TX packets 1821010  bytes 1119346304 (1.1 GB)
        TX errors 0  dropped 0 overruns 0  carrier 0  collisions 0<br>
___________________________________________________________________________________<br>
</body></html>
